I'm sorry, but errors were detected in your script. Please correct the
errors listed below, and try again.


File "game/1start.rpy", line 121: invalid syntax
    default score = 0
                 ^
    

Ren'Py Version: Ren'Py 7.3.5.606
Thu Apr 16 13:05:58 2020
